2025-06-11 11:46:06,048 - INFO - Received query for rewriting: 'which is the best skin product with highest rating'
2025-06-11 11:46:09,960 - INFO - Rewritten query: 'Find the skincare product with the highest user rating.'
2025-06-11 11:48:17,915 - INFO - Received query for rewriting: 'which is the best hair product available'
2025-06-11 11:48:20,887 - INFO - Rewritten query: 'Identify the highest-rated hair product available based on user reviews and expert recommendations.'
2025-06-11 11:50:15,771 - INFO - Received query for rewriting: 'which is the best skin care product with highest rating'
2025-06-11 11:50:17,134 - INFO - Rewritten query: 'Identify the skincare product with the highest customer rating.'
2025-06-12 08:42:28,357 - INFO - Received query for rewriting: 'which is the cheapest hair product with high rating'
2025-06-12 08:42:30,952 - INFO - Rewritten query: 'Find the most affordable hair product with a high rating.'
2025-06-15 10:33:02,629 - INFO - Received query for rewriting: 'which is perfume that is available?'
2025-06-15 10:33:05,534 - INFO - Rewritten query: 'Which perfumes are currently in stock?'
2025-07-20 07:45:50,585 - INFO - Received query for rewriting: 'which best hair product with above 4.5 rating'
2025-07-20 07:45:53,688 - INFO - Rewritten query: 'Find the hair product with the highest rating above 4.5.'
2025-07-20 08:17:56,284 - INFO - Received query for rewriting: 'which is the best hair product under 500 and with above 4.5 rating'
2025-07-20 08:17:59,653 - INFO - Rewritten query: 'Find hair products with a rating above 4.5 and a price under 500.'
2025-07-20 08:19:07,942 - INFO - Received query for rewriting: 'which is the best skin product with highest rating'
2025-07-20 08:19:09,682 - INFO - Rewritten query: 'Identify skincare products with the highest customer ratings.'
2025-07-20 08:20:16,743 - INFO - Received query for rewriting: 'which is best detergent based on rating'
2025-07-20 08:20:19,655 - INFO - Rewritten query: 'Find detergent with the highest average user rating.'
2025-07-20 08:24:58,911 - INFO - Received query for rewriting: 'Which shampoo is best for dry hair with high ratings?'
2025-07-20 08:25:02,692 - INFO - Rewritten query: 'High-rated shampoos formulated for dry hair'
2025-07-29 08:39:30,158 - INFO - Received query for rewriting: 'which is the cheapest hair oil'
2025-07-29 08:39:33,422 - INFO - Rewritten query: 'Find the most affordable hair oil available.'
